
Clover EFI installer log - Sun Feb 14 14:45:03 PST 2021
Installer version: r5122 (commit: f4e10b1a2) EFI bootloader
======================================================
/dev/disk0
   #:                       TYPE NAME                    SIZE       IDENTIFIER
   0:      GUID_partition_scheme                        *256.1 GB   disk0
   1:                        EFI EFI                     209.7 MB   disk0s1
   2:                  Apple_HFS macos                   255.7 GB   disk0s2
/dev/disk1
   #:                       TYPE NAME                    SIZE       IDENTIFIER
   0:     FDisk_partition_scheme                        *500.1 GB   disk1
   1:               Windows_NTFS vlad                    500.1 GB   disk1s1
/dev/disk2
   #:                       TYPE NAME                    SIZE       IDENTIFIER
   0:      GUID_partition_scheme                        *15.7 GB    disk2
   1:                        EFI EFI                     209.7 MB   disk2s1
   2:                  Apple_HFS Install macOS High S... 15.3 GB    disk2s2
======================================================
Backing up EFI files

Backing up stage2 file /Volumes/Install macOS High Sierra/EFIROOTDIR/boot  to /Volumes/Install macOS High Sierra/EFI-Backups/r5122/2021-02-14-14h45/boot
Backing up /Volumes/Install macOS High Sierra/EFIROOTDIR/EFI folder to /Volumes/Install macOS High Sierra/EFI-Backups/r5122/2021-02-14-14h45/EFI
No Active Partition

Stage 0 - Writing boot0af to /dev/rdisk2
dd if=/dev/rdisk2 count=1 bs=512 of=/tmp/origMBR
cp /tmp/origMBR /tmp/newMBR
dd if=/Volumes/Install macOS High Sierra/usr/standalone/i386/boot0af of=/tmp/newMBR bs=440 count=1 conv=notrunc
fdisk -f /tmp/newMBR -u -y /dev/rdisk2

Stage 1 - Writing boot1f32 to /dev/rdisk2s1
dd if=/dev/rdisk2s1 count=1 bs=512 of=/tmp/origbs
boot volume format is FAT32
cp /tmp/boot1f32 /tmp/newbs
dd if=/tmp/origbs of=/tmp/newbs skip=3 seek=3 bs=1 count=87 conv=notrunc
dd if=/tmp/newbs of=/dev/rdisk2s1

Stage 2 - Written boot6 (x64) to /Volumes/ESP/boot

======================================================
=========== Clover EFI Installation Finish ===========
======================================================
